c:\yoana\senior project\cosseniorprojectsp2026\morphologicalanalyzer\morpholo.b04798ac\x64\debug\vc143.pdb
c:\yoana\senior project\cosseniorprojectsp2026\morphologicalanalyzer\morpholo.b04798ac\x64\debug\vc143.idb
c:\yoana\senior project\cosseniorprojectsp2026\morphologicalanalyzer\morpholo.b04798ac\x64\debug\pos_predicates.obj
c:\yoana\senior project\cosseniorprojectsp2026\morphologicalanalyzer\morpholo.b04798ac\x64\debug\main.obj
c:\yoana\senior project\cosseniorprojectsp2026\morphologicalanalyzer\morpholo.b04798ac\x64\debug\levenshtein.obj
c:\yoana\senior project\cosseniorprojectsp2026\morphologicalanalyzer\morpholo.b04798ac\x64\debug\fst_loader.obj
c:\yoana\senior project\cosseniorprojectsp2026\morphologicalanalyzer\morpholo.b04798ac\x64\debug\fst.obj
c:\yoana\senior project\cosseniorprojectsp2026\morphologicalanalyzer\morpholo.b04798ac\x64\debug\disambiguator_eng.obj
c:\yoana\senior project\cosseniorprojectsp2026\morphologicalanalyzer\morpholo.b04798ac\x64\debug\disambiguator_bg.obj
c:\yoana\senior project\cosseniorprojectsp2026\morphologicalanalyzer\morpholo.b04798ac\x64\debug\benchmark_data.obj
c:\yoana\senior project\cosseniorprojectsp2026\morphologicalanalyzer\morpholo.b04798ac\x64\debug\analysis_format.obj
c:\yoana\senior project\cosseniorprojectsp2026\morphologicalanalyzer\morpholo.b04798ac\x64\debug\benchmark.obj
c:\yoana\senior project\cosseniorprojectsp2026\morphologicalanalyzer\morpholo.b04798ac\x64\debug\morphologicalanalyzer.obj
c:\yoana\senior project\cosseniorprojectsp2026\morphologicalanalyzer\x64\debug\morphologicalanalyzer.exe
c:\yoana\senior project\cosseniorprojectsp2026\morphologicalanalyzer\x64\debug\morphologicalanalyzer.pdb
c:\yoana\senior project\cosseniorprojectsp2026\morphologicalanalyzer\morpholo.b04798ac\x64\debug\morphologicalanalyzer.ilk
c:\yoana\senior project\cosseniorprojectsp2026\morphologicalanalyzer\morpholo.b04798ac\x64\debug\morpholo.b04798ac.tlog\cl.command.1.tlog
c:\yoana\senior project\cosseniorprojectsp2026\morphologicalanalyzer\morpholo.b04798ac\x64\debug\morpholo.b04798ac.tlog\cl.items.tlog
c:\yoana\senior project\cosseniorprojectsp2026\morphologicalanalyzer\morpholo.b04798ac\x64\debug\morpholo.b04798ac.tlog\cl.read.1.tlog
c:\yoana\senior project\cosseniorprojectsp2026\morphologicalanalyzer\morpholo.b04798ac\x64\debug\morpholo.b04798ac.tlog\cl.write.1.tlog
c:\yoana\senior project\cosseniorprojectsp2026\morphologicalanalyzer\morpholo.b04798ac\x64\debug\morpholo.b04798ac.tlog\link.command.1.tlog
c:\yoana\senior project\cosseniorprojectsp2026\morphologicalanalyzer\morpholo.b04798ac\x64\debug\morpholo.b04798ac.tlog\link.read.1.tlog
c:\yoana\senior project\cosseniorprojectsp2026\morphologicalanalyzer\morpholo.b04798ac\x64\debug\morpholo.b04798ac.tlog\link.secondary.1.tlog
c:\yoana\senior project\cosseniorprojectsp2026\morphologicalanalyzer\morpholo.b04798ac\x64\debug\morpholo.b04798ac.tlog\link.write.1.tlog
